// Jest Snapshot v1, https://goo.gl/fbAQLP

exports[`<NewsArticle /> creates a NewsArticle component 1`] = `
<styled.div>
  <styled.a
    href="www.foo.bar"
    rel="noopener noreferrer"
    target="_blank"
  >
    Foo
  </styled.a>
  <styled.div>
    <styled.span>
      08/11/2019
    </styled.span>
    <styled.span>
      Bar
    </styled.span>
  </styled.div>
</styled.div>
`;
